---
source: crates/gelx_cli/tests/cli.rs
info:
  program: gelx
  args:
    - generate
    - "--json"
---
success: true
exit_code: 0
----- stdout -----

----- stderr -----
