---
source: crates/edgedb_generator/src/lib.rs
expression: content
---
#[derive(Debug, Clone, serde::Serialize, serde::Deserialize, edgedb_derive::Queryable)]
pub struct ExampleOutput {
	pub description: Option<String>,
	pub name: String,
	pub created_at: edgedb_protocol::model::DateTime,
	pub updated_at: edgedb_protocol::model::DateTime,
	pub slug: String,
	pub id: uuid::Uuid,
	pub wallets: Vec<ExampleOutputWallets>,
}
#[derive(Debug, Clone, serde::Serialize, serde::Deserialize, edgedb_derive::Queryable)]
pub struct ExampleOutputWallets {
	pub created_at: edgedb_protocol::model::DateTime,
	pub id: uuid::Uuid,
	pub updated_at: edgedb_protocol::model::DateTime,
	pub description: Option<String>,
	pub name: Option<String>,
	pub pubkey: String,
	pub primary: bool,
}

pub async fn example(client: &edgedb_tokio::Client) ->Result<Vec<ExampleOutput>, edgedb_errors:Error> {
	client.query(r#"select Team {**}"#, &()).await
}
