error: expected string literal
 --> tests/macros/incorrect_args.rs:4:32
  |
4 |     edgedb_query!(example_module, invalid);
  |                                   ^^^^^^^
